
> tattoo-artist-discovery@0.1.0 build
> next build

▲ Next.js 16.1.1 (Turbopack)
- Environments: .env.local

⚠ The "middleware" file convention is deprecated. Please use "proxy" instead. Learn more: https://nextjs.org/docs/messages/middleware-to-proxy
  Creating an optimized production build ...
✓ Compiled successfully in 1249.8ms
  Running TypeScript ...

  We detected TypeScript in your project and reconfigured your tsconfig.json file for you.
  The following suggested values were added to your tsconfig.json. These values can be changed to fit your project's needs:

  	- include was updated to add '.next/dev/types/**/*.ts'

  The following mandatory changes were made to your tsconfig.json:

  	- jsx was set to react-jsx (next.js uses the React automatic runtime)

  Collecting page data using 11 workers ...
Error [PageNotFoundError]: Cannot find module for page: /[state]
    at ignore-listed frames {
  code: 'ENOENT'
}

> Build error occurred
Error: Failed to collect page data for /[state]
    at ignore-listed frames {
  type: 'Error'
}
